
error9001 - устройство не поддерживается